[mail] Resend test sender is active; customer acknowledgements require a verified MAIL_FROM domain or an allowed test recipient.
Port 5000 is already in use. Stop the existing backend before starting another one.
[mail] Resend test sender is active; customer acknowledgements require a verified MAIL_FROM domain or an allowed test recipient.
Port 5000 is already in use. Stop the existing backend before starting another one.
[mail] Resend test sender is active; customer acknowledgements require a verified MAIL_FROM domain or an allowed test recipient.
Port 5000 is already in use. Stop the existing backend before starting another one.
[mail] Resend test sender is active; customer acknowledgements require a verified MAIL_FROM domain or an allowed test recipient.
Port 5000 is already in use. Stop the existing backend before starting another one.
[mail] Resend test sender is active; customer acknowledgements require a verified MAIL_FROM domain or an allowed test recipient.
[mail] Resend test sender is active; customer acknowledgements require a verified MAIL_FROM domain or an allowed test recipient.
Port 5000 is already in use. Stop the existing backend before starting another one.
[mail] Resend test sender is active; customer acknowledgements require a verified MAIL_FROM domain or an allowed test recipient.
[mail] Resend test sender is active; customer acknowledgements require a verified MAIL_FROM domain or an allowed test recipient.
Port 5000 is already in use. Stop the existing backend before starting another one.
[mail] Resend test sender is active; customer acknowledgements require a verified MA[mail] Resend test sender is active; customerPort 5000 is already in use. Stop the existing backend before starting another one.
[mail] Resend test sender is active; customer acknowledgements require a verified MA[mail] Resend test sender is active; customer[addresses] supabase delete failed: update or delete on table "addresses" violates foreign key constraint "orders_address_id_fkey" on table "orders"
[mail] login notifi[mail] Resend test sender is active; customer acknowledgements require a verified MAIL_FROM domain or an allowed test recipient.
[mail] Resend test sender is active; customer acknowledgements require a verified MAIL_FROM domain or an allowed test recipient.
Port 5000 is already in use. Stop the existing backend before starting another one.
[mail] Resend test sender is active; customer acknowledgements require a verified MAIL_FROM domain or an allowed test recipient.
Port 5000 is already in use. Stop the existing backend before starting another one.
[mail] Resend test sender is active; customer acknowledgements require a verified MAIL_FROM domain or an allowed test recipient.
Port 5000 is already in use. Stop the existing backend before starting another one.
ire a verified MAIL_FROM domain or an allowed test recipient.
[mail] Resend test sender is active; customer acknowledgements require a verified MAIL_FROM domain or an allowed test recipient.
Port 5000 is already in use. Stop the existing backend before starting another one.
